........................................................................ [ 28%]
........................................................................ [ 56%]
........................................................................ [ 84%]
.......................................                                  [100%]
============================== warnings summary ===============================
..\Users\çLê£çÑ\AppData\Local\Programs\Python\Python312\Lib\site-packages\fastapi\testclient.py:1
  C:\Users\çLê£çÑ\AppData\Local\Programs\Python\Python312\Lib\site-packages\fastapi\testclient.py:1: StarletteDeprecationWarning: Using `httpx` with `starlette.testclient` is deprecated; install `httpx2` instead.
    from starlette.testclient import TestClient as TestClient  # noqa

..\Users\çLê£çÑ\AppData\Local\Programs\Python\Python312\Lib\site-packages\starlette\testclient.py:53
  C:\Users\çLê£çÑ\AppData\Local\Programs\Python\Python312\Lib\site-packages\starlette\testclient.py:53: DeprecationWarning: The anyio.abc.BlockingPortal alias is deprecated, use anyio.from_thread.BlockingPortal instead.
    _PortalFactoryType = Callable[[], AbstractContextManager[anyio.abc.BlockingPortal]]

tests/test_codex_runner.py::test_real_smoke_records_actual_reported_usage
  C:\Users\çLê£çÑ\AppData\Local\Programs\Python\Python312\Lib\site-packages\_pytest\threadexception.py:58: PytestUnhandledThreadExceptionWarning: Exception in thread Thread-65 (_readerthread)
  
  Traceback (most recent call last):
    File "C:\Users\çLê£çÑ\AppData\Local\Programs\Python\Python312\Lib\threading.py", line 1075, in _bootstrap_inner
      self.run()
    File "C:\Users\çLê£çÑ\AppData\Local\Programs\Python\Python312\Lib\threading.py", line 1012, in run
      self._target(*self._args, **self._kwargs)
    File "C:\Users\çLê£çÑ\AppData\Local\Programs\Python\Python312\Lib\subprocess.py", line 1599, in _readerthread
      buffer.append(fh.read())
                    ^^^^^^^^^
  UnicodeDecodeError: 'cp932' codec can't decode byte 0x83 in position 64: illegal multibyte sequence
  
  Enable tracemalloc to get traceback where the object was allocated.
  See https://docs.pytest.org/en/stable/how-to/capture-warnings.html#resource-warnings for more info.
    warnings.warn(pytest.PytestUnhandledThreadExceptionWarning(msg))

tests/test_codex_runner.py::test_real_smoke_records_actual_reported_usage
  C:\Users\çLê£çÑ\AppData\Local\Programs\Python\Python312\Lib\site-packages\_pytest\threadexception.py:58: PytestUnhandledThreadExceptionWarning: Exception in thread Thread-63 (_readerthread)
  
  Traceback (most recent call last):
    File "C:\Users\çLê£çÑ\AppData\Local\Programs\Python\Python312\Lib\threading.py", line 1075, in _bootstrap_inner
      self.run()
    File "C:\Users\çLê£çÑ\AppData\Local\Programs\Python\Python312\Lib\threading.py", line 1012, in run
      self._target(*self._args, **self._kwargs)
    File "C:\Users\çLê£çÑ\AppData\Local\Programs\Python\Python312\Lib\subprocess.py", line 1599, in _readerthread
      buffer.append(fh.read())
                    ^^^^^^^^^
  UnicodeDecodeError: 'cp932' codec can't decode byte 0x83 in position 64: illegal multibyte sequence
  
  Enable tracemalloc to get traceback where the object was allocated.
  See https://docs.pytest.org/en/stable/how-to/capture-warnings.html#resource-warnings for more info.
    warnings.warn(pytest.PytestUnhandledThreadExceptionWarning(msg))

tests/test_codex_runner.py::test_completed_smoke_records_post_run_overage_without_rewriting_pass
  C:\Users\çLê£çÑ\AppData\Local\Programs\Python\Python312\Lib\site-packages\_pytest\threadexception.py:58: PytestUnhandledThreadExceptionWarning: Exception in thread Thread-69 (_readerthread)
  
  Traceback (most recent call last):
    File "C:\Users\çLê£çÑ\AppData\Local\Programs\Python\Python312\Lib\threading.py", line 1075, in _bootstrap_inner
      self.run()
    File "C:\Users\çLê£çÑ\AppData\Local\Programs\Python\Python312\Lib\threading.py", line 1012, in run
      self._target(*self._args, **self._kwargs)
    File "C:\Users\çLê£çÑ\AppData\Local\Programs\Python\Python312\Lib\subprocess.py", line 1599, in _readerthread
      buffer.append(fh.read())
                    ^^^^^^^^^
  UnicodeDecodeError: 'cp932' codec can't decode byte 0x83 in position 64: illegal multibyte sequence
  
  Enable tracemalloc to get traceback where the object was allocated.
  See https://docs.pytest.org/en/stable/how-to/capture-warnings.html#resource-warnings for more info.
    warnings.warn(pytest.PytestUnhandledThreadExceptionWarning(msg))

tests/test_codex_runner.py::test_completed_smoke_records_post_run_overage_without_rewriting_pass
  C:\Users\çLê£çÑ\AppData\Local\Programs\Python\Python312\Lib\site-packages\_pytest\threadexception.py:58: PytestUnhandledThreadExceptionWarning: Exception in thread Thread-67 (_readerthread)
  
  Traceback (most recent call last):
    File "C:\Users\çLê£çÑ\AppData\Local\Programs\Python\Python312\Lib\threading.py", line 1075, in _bootstrap_inner
      self.run()
    File "C:\Users\çLê£çÑ\AppData\Local\Programs\Python\Python312\Lib\threading.py", line 1012, in run
      self._target(*self._args, **self._kwargs)
    File "C:\Users\çLê£çÑ\AppData\Local\Programs\Python\Python312\Lib\subprocess.py", line 1599, in _readerthread
      buffer.append(fh.read())
                    ^^^^^^^^^
  UnicodeDecodeError: 'cp932' codec can't decode byte 0x83 in position 64: illegal multibyte sequence
  
  Enable tracemalloc to get traceback where the object was allocated.
  See https://docs.pytest.org/en/stable/how-to/capture-warnings.html#resource-warnings for more info.
    warnings.warn(pytest.PytestUnhandledThreadExceptionWarning(msg))

tests/test_codex_runner.py::test_real_smoke_reports_missing_result_file
  C:\Users\çLê£çÑ\AppData\Local\Programs\Python\Python312\Lib\site-packages\_pytest\threadexception.py:58: PytestUnhandledThreadExceptionWarning: Exception in thread Thread-73 (_readerthread)
  
  Traceback (most recent call last):
    File "C:\Users\çLê£çÑ\AppData\Local\Programs\Python\Python312\Lib\threading.py", line 1075, in _bootstrap_inner
      self.run()
    File "C:\Users\çLê£çÑ\AppData\Local\Programs\Python\Python312\Lib\threading.py", line 1012, in run
      self._target(*self._args, **self._kwargs)
    File "C:\Users\çLê£çÑ\AppData\Local\Programs\Python\Python312\Lib\subprocess.py", line 1599, in _readerthread
      buffer.append(fh.read())
                    ^^^^^^^^^
  UnicodeDecodeError: 'cp932' codec can't decode byte 0x83 in position 64: illegal multibyte sequence
  
  Enable tracemalloc to get traceback where the object was allocated.
  See https://docs.pytest.org/en/stable/how-to/capture-warnings.html#resource-warnings for more info.
    warnings.warn(pytest.PytestUnhandledThreadExceptionWarning(msg))

tests/test_codex_runner.py::test_real_smoke_reports_missing_result_file
  C:\Users\çLê£çÑ\AppData\Local\Programs\Python\Python312\Lib\site-packages\_pytest\threadexception.py:58: PytestUnhandledThreadExceptionWarning: Exception in thread Thread-71 (_readerthread)
  
  Traceback (most recent call last):
    File "C:\Users\çLê£çÑ\AppData\Local\Programs\Python\Python312\Lib\threading.py", line 1075, in _bootstrap_inner
      self.run()
    File "C:\Users\çLê£çÑ\AppData\Local\Programs\Python\Python312\Lib\threading.py", line 1012, in run
      self._target(*self._args, **self._kwargs)
    File "C:\Users\çLê£çÑ\AppData\Local\Programs\Python\Python312\Lib\subprocess.py", line 1599, in _readerthread
      buffer.append(fh.read())
                    ^^^^^^^^^
  UnicodeDecodeError: 'cp932' codec can't decode byte 0x83 in position 64: illegal multibyte sequence
  
  Enable tracemalloc to get traceback where the object was allocated.
  See https://docs.pytest.org/en/stable/how-to/capture-warnings.html#resource-warnings for more info.
    warnings.warn(pytest.PytestUnhandledThreadExceptionWarning(msg))

tests/test_codex_runner.py::test_smoke_start_event_is_persisted_before_runner_execution
  C:\Users\çLê£çÑ\AppData\Local\Programs\Python\Python312\Lib\site-packages\_pytest\threadexception.py:58: PytestUnhandledThreadExceptionWarning: Exception in thread Thread-77 (_readerthread)
  
  Traceback (most recent call last):
    File "C:\Users\çLê£çÑ\AppData\Local\Programs\Python\Python312\Lib\threading.py", line 1075, in _bootstrap_inner
      self.run()
    File "C:\Users\çLê£çÑ\AppData\Local\Programs\Python\Python312\Lib\threading.py", line 1012, in run
      self._target(*self._args, **self._kwargs)
    File "C:\Users\çLê£çÑ\AppData\Local\Programs\Python\Python312\Lib\subprocess.py", line 1599, in _readerthread
      buffer.append(fh.read())
                    ^^^^^^^^^
  UnicodeDecodeError: 'cp932' codec can't decode byte 0x83 in position 64: illegal multibyte sequence
  
  Enable tracemalloc to get traceback where the object was allocated.
  See https://docs.pytest.org/en/stable/how-to/capture-warnings.html#resource-warnings for more info.
    warnings.warn(pytest.PytestUnhandledThreadExceptionWarning(msg))

tests/test_codex_runner.py::test_smoke_start_event_is_persisted_before_runner_execution
  C:\Users\çLê£çÑ\AppData\Local\Programs\Python\Python312\Lib\site-packages\_pytest\threadexception.py:58: PytestUnhandledThreadExceptionWarning: Exception in thread Thread-75 (_readerthread)
  
  Traceback (most recent call last):
    File "C:\Users\çLê£çÑ\AppData\Local\Programs\Python\Python312\Lib\threading.py", line 1075, in _bootstrap_inner
      self.run()
    File "C:\Users\çLê£çÑ\AppData\Local\Programs\Python\Python312\Lib\threading.py", line 1012, in run
      self._target(*self._args, **self._kwargs)
    File "C:\Users\çLê£çÑ\AppData\Local\Programs\Python\Python312\Lib\subprocess.py", line 1599, in _readerthread
      buffer.append(fh.read())
                    ^^^^^^^^^
  UnicodeDecodeError: 'cp932' codec can't decode byte 0x83 in position 64: illegal multibyte sequence
  
  Enable tracemalloc to get traceback where the object was allocated.
  See https://docs.pytest.org/en/stable/how-to/capture-warnings.html#resource-warnings for more info.
    warnings.warn(pytest.PytestUnhandledThreadExceptionWarning(msg))

-- Docs: https://docs.pytest.org/en/stable/how-to/capture-warnings.html
- generated xml file: C:\AI-Control-Center\state\external-review-final-full.xml -
255 passed, 10 warnings in 184.32s (0:03:04)
